../Core/Src/main.c:164:5:main	24	static
../Core/Src/main.c:389:6:SystemClock_Config	88	static
../Core/Src/main.c:435:13:MX_TIM7_Init	16	static
../Core/Src/main.c:473:13:MX_USART3_UART_Init	8	static
../Core/Src/main.c:504:13:MX_DMA_Init	16	static
../Core/Src/main.c:522:13:MX_GPIO_Init	56	static
../Core/Src/main.c:617:6:my_printf	16	static
../Core/Src/main.c:623:6:HAL_TIM_PeriodElapsedCallback	16	static
../Core/Src/main.c:667:6:HAL_GPIO_EXTI_Callback	16	static
../Core/Src/main.c:743:6:HAL_UART_RxCpltCallback	16	static
../Core/Src/main.c:811:6:ApplicationCallback	24	static
../Core/Src/main.c:948:6:Error_Handler	4	static,ignoring_inline_asm
